_BOOT)
confï¿½ï¿½ï¿½ï¿½ï¿½RNG early entropy source...
[0;32mI (51) boot: Partition Table:[0m
[0;32mI (53) boot: ## Label            Usage          Type ST Offset   Length[0m
[0;32mI (60) boot: ï¿½ets Jul 29 2019 12:21:46[0m

rst:0x1 (POWERON_RESET),boot:0x13 (SPI_FAST_FLASH_BOOT)
configsip: 0, SPIWP:0xee
clk_drv:0x00,q_drv:0x00,d_drv:0x00,cs0_drv:0x00,hd_drv:0x00,wp_drv:0x00
mode:DIO, clock div:2
load:0x3fff0030,len:6276
load:0x40078000,len:15748
load:0x40080400,len:4
ho 8 tail 4 room 4
load:0x40080404,len:3860
entry 0x4008063c
[0;32mI (31) boot: ESP-IDF v5.4.1 2nd stage bootloader[0m
[0;32mI (31) boot: compile time Jun 11 2025 23:32:04[0m
[0;32mI (31) boot: Multicore bootloader[0m
[0;32mI (32) boot: chip revision: v3.1[0m
[0;32mI (35) boot.esp32: SPI Speed      : 40MHz[0m
[0;32mI (39) boot.esp32: SPI Mode       : DIO[0m
[0;32mI (43) boot.esp32: SPI Flash Size : 2MB[0m
[0;32mI (46) boot: Enabling RNG early entropy source...[0m
[0;32mI (51) boot: Partition Table:[0m
[0;32mI (53) boot: ## Label            Usage          Type ST Offset   Length[0m
[0;32mI (60) boot:  0 nvs              WiFi data        01 02 00009000 00006000[0m
[0;32mI (66) boot:  1 phy_init         RF data          01 01 0000f000 00001000[0m
[0;32mI (73) boot:  2 factory          factory app      00 00 00010000 00100000[0m
[0;32mI (79) boot: End of partition table[0m
[0;32mI (82) esp_image: segment 0: paddr=00010020 vaddr=3f400020 size=0b88ch ( 47244) map[0m
[0;32mI (106) esp_image: segment 1: paddr=0001b8b4 vaddr=3ff80000 size=0001ch (    28) load[0m
[0;32mI (106) esp_image: segment 2: paddr=0001b8d8 vaddr=3ffb0000 size=02374h (  9076) load[0m
[0;32mI (113) esp_image: segment 3: paddr=0001dc54 vaddr=40080000 size=023c4h (  9156) load[0m
[0;32mI (121) esp_image: segment 4: paddr=00020020 vaddr=400d0020 size=1a878h (108664) map[0m
[0;32mI (162) esp_image: segment 5: paddr=0003a8a0 vaddr=400823c4 size=0ade4h ( 44516) load[0m
[0;32mI (186) boot: Loaded app from partition at offset 0x10000[0m
[0;32mI (186) boot: Disabling RNG early entropy source...[0m
[0;32mI (196) cpu_start: Multicore app[0m
[0;32mI (205) cpu_start: Pro cpu start user code[0m
[0;32mI (205) cpu_start: cpu freq: 160000000 Hz[0m
[0;32mI (205) app_init: Application information:[0m
[0;32mI (205) app_init: Project name:     cultivo_smg[0m
[0;32mI (209) app_init: App version:      1[0m
[0;32mI (213) app_init: Compile time:     Jun 11 2025 23:23:26[0m
[0;32mI (218) app_init: ELF file SHA256:  04af25c55...[0m
[0;32mI (222) app_init: ESP-IDF:          v5.4.1[0m
[0;32mI (226) efuse_init: Min chip rev:     v0.0[0m
[0;32mI (230) efuse_init: Max chip rev:     v3.99 [0m
[0;32mI (234) efuse_init: Chip rev:         v3.1[0m
[0;32mI (238) heap_init: Initializing. RAM available for dynamic allocation:[0m
[0;32mI (244) heap_init: At 3FFAE6E0 len 00001920 (6 KiB): DRAM[0m
[0;32mI (249) heap_init: At 3FFB2CA0 len 0002D360 (180 KiB): DRAM[0m
[0;32mI (254) heap_init: At 3FFE0440 len 00003AE0 (14 KiB): D/IRAM[0m
[0;32mI (259) heap_init: At 3FFE4350 len 0001BCB0 (111 KiB): D/IRAM[0m
[0;32mI (265) heap_init: At 4008D1A8 len 00012E58 (75 KiB): IRAM[0m
[0;32mI (272) spi_flash: detected chip: generic[0m
[0;32mI (274) spi_flash: flash io: dio[0m
[0;33mW (277) spi_flash: Detected size(4096k) larger than the size in the binary image header(2048k). Using the size in the binary image header.[0m
[0;32mI (290) main_task: Started on CPU0[0m
[0;32mI (300) main_task: Calling app_main()[0m
--- MODULO ASISTENTE DE CULTIVO ---
-Iniciando placa ESP32...-


[0;32mI (300) SM_CULTIVO: Inicializando sistema ESP32...[0m
[0;32mI (300) I2C_smol: Inicializando recursos I2C...[0m
[0;32mI (310) I2C_smol: I2C - Inicio OK (Bus y SHT30)[0m
[0;32mI (310) SM_CULTIVO: Hora Sistema: Thu Jan  1 05:00:00 1970[0m
[0;32mI (320) SM_CULTIVO: -SECS- :  0[0m
[0;32mI (5320) SM_CULTIVO: Hora Sistema: Thu Jan  1 05:00:05 1970[0m
[0;32mI (5320) SM_CULTIVO: -SECS- :  5[0m
[0;32mI (10320) SM_CULTIVO: Hora Sistema: Thu Jan  1 05:00:10 1970[0m
[0;32mI (10320) SM_CULTIVO: -SECS- :  10[0m
[0;32mI (15320) SM_CULTIVO: Hora Sistema: Thu Jan  1 05:00:15 1970[0m
[0;32mI (15320) SM_CULTIVO: -SECS- :  15[0m
[0;32mI (20320) SM_CULTIVO: Hora Sistema: Thu Jan  1 05:00:20 1970[0m
[0;32mI (20320) SM_CULTIVO: -SECS- :  20[0m
[0;32mI (25320) SM_CULTIVO: Hora Sistema: Thu Jan  1 05:00:25 1970[0m
[0;32mI (25320) SM_CULTIVO: -SECS- :  25[0m
[0;32mI (30320) SM_CULTIVO: Hora Sistema: Thu Jan  1 05:00:30 1970[0m
[0;32mI (30320) SM_CULTIVO: -SECS- :  30[0m
[0;32mI (30320) SM_CULTIVO: INICIO LECTURA SHT30 I2C ------->[0m
[0;32mI (30520) I2C_smol: ---- Lectura de Datos SHT30 ----- OK[0m
[0;32mI (30520) I2C_smol: - DATOS SHT30 - HUM: 70.893417  TEMP: 24.911880[0m
[0;32mI (35320) SM_CULTIVO: Hora Sistema: Thu Jan  1 05:00:35 1970[0m
[0;32mI (35320) SM_CULTIVO: -SECS- :  35[0m
[0;32mI (40320) SM_CULTIVO: Hora Sistema: Thu Jan  1 05:00:40 1970[0m
[0;32mI (40320) SM_CULTIVO: -SECS- :  40[0m
[0;32mI (45320) SM_CULTIVO: Hora Sistema: Thu Jan  1 05:00:45 1970[0m
[0;32mI (45320) SM_CULTIVO: -SECS- :  45[0m
[0;32mI (50320) SM_CULTIVO: Hora Sistema: Thu Jan  1 05:00:50 1970[0m
[0;32mI (50320) SM_CULTIVO: -SECS- :  50[0m
[0;32mI (55320) SM_CULTIVO: Hora Sistema: Thu Jan  1 05:00:55 1970[0m
[0;32mI (55320) SM_CULTIVO: -SECS- :  55[0m
[0;32mI (60320) SM_CULTIVO: Hora Sistema: Thu Jan  1 05:01:00 1970[0m
[0;32mI (60320) SM_CULTIVO: -SECS- :  0[0m
[0;33mW (60320) SM_CULTIVO: Reset flag flag_secs_atendido[0m
[0;32mI (65320) SM_CULTIVO: Hora Sistema: Thu Jan  1 05:01:05 1970[0m
[0;32mI (65320) SM_CULTIVO: -SECS- :  5[0m
[0;32mI (70320) SM_CULTIVO: Hora Sistema: Thu Jan  1 05:01:10 1970[0m
[0;32mI (70320) SM_CULTIVO: -SECS- :  10[0m
[0;32mI (75320) SM_CULTIVO: Hora Sistema: Thu Jan  1 05:01:15 1970[0m
[0;32mI (75320) SM_CULTIVO: -SECS- :  15[0m
[0;32mI (80320) SM_CULTIVO: Hora Sistema: Thu Jan  1 05:01:20 1970[0m
[0;32mI (80320) SM_CULTIVO: -SECS- :  20[0m
[0;32mI (85320) SM_CULTIVO: Hora Sistema: Thu Jan  1 05:01:25 1970[0m
[0;32mI (85320) SM_CULTIVO: -SECS- :  25[0m
[0;32mI (90320) SM_CULTIVO: Hora Sistema: Thu Jan  1 05:01:30 1970[0m
[0;32mI (90320) SM_CULTIVO: -SECS- :  30[0m
[0;32mI (90320) SM_CULTIVO: INICIO LECTURA SHT30 I2C ------->[0m
[0;32mI (90520) I2C_smol: ---- Lectura de Datos SHT30 ----- OK[0m
[0;32mI (90520) I2C_smol: - DATOS SHT30 - HUM: 90.922409  TEMP: 25.293739[0m
[0;32mI (95320) SM_CULTIVO: Hora Sistema: Thu Jan  1 05:01:35 1970[0m
[0;32mI (95320) SM_CULTIVO: -SECS- :  35[0m
[0;32mI (100320) SM_CULTIVO: Hora Sistema: Thu Jan  1 05:01:40 1970[0m
[0;32mI (100320) SM_CULTIVO: -SECS- :  40[0m
[0;32mI (105320) SM_CULTIVO: Hora Sistema: Thu Jan  1 05:01:45 1970[0m
[0;32mI (105320) SM_CULTIVO: -SECS- :  45[0m
[0;32mI (110320) SM_CULTIVO: Hora Sistema: Thu Jan  1 05:01:50 1970[0m
[0;32mI (110320) SM_CULTIVO: -SECS- :  50[0m
[0;32mI (115320) SM_CULTIVO: Hora Sistema: Thu Jan  1 05:01:55 1970[0m
[0;32mI (115320) SM_CULTIVO: -SECS- :  55[0m
[0;32mI (120320) SM_CULTIVO: Hora Sistema: Thu Jan  1 05:02:00 1970[0m
[0;32mI (120320) SM_CULTIVO: -SECS- :  0[0m
[0;33mW (120320) SM_CULTIVO: Reset flag flag_secs_atendido[0m
[0;32mI (125320) SM_CULTIVO: Hora Sistema: Thu Jan  1 05:02:05 1970[0m
[0;32mI (125320) SM_CULTIVO: -SECS- :  5[0m
[0;32mI (130320) SM_CULTIVO: Hora Sistema: Thu Jan  1 05:02:10 1970[0m
[0;32mI (130320) SM_CULTIVO: -SECS- :  10[0m
[0;32mI (135320) SM_CULTIVO: Hora Sistema: Thu Jan  1 05:02:15 1970[0m
[0;32mI (135320) SM_CULTIVO: -SECS- :  15[0m
[0;32mI (140320) SM_CULTIVO: Hora Sistema: Thu Jan  1 05:02:20 1970[0m
[0;32mI (140320) SM_CULTIVO: -SECS- :  20[0m
[0;32mI (145320) SM_CULTIVO: Hora Sistema: Thu Jan  1 05:02:25 1970[0m
[0;32mI (145320) SM_CULTIVO: -SECS- :  25[0m
[0;32mI (150320) SM_CULTIVO: Hora Sistema: Thu Jan  1 05:02:30 1970[0m
[0;32mI (150320) SM_CULTIVO: -SECS- :  30[0m
[0;32mI (150320) SM_CULTIVO: INICIO LECTURA SHT